elementary_progress: e1 1/6 term_count: 10
elementary_progress: e1 6/6 term_count: 10
elementary_progress: e3 1/20 term_count: 84
elementary_progress: e3 20/20 term_count: 84
elementary_progress: e4 1/15 term_count: 165
elementary_progress: e4 15/15 term_count: 165
elementary_progress: e5 1/6 term_count: 286
elementary_progress: e5 6/6 term_count: 286
sdp_start: e4_residual_1_over_16 gram_size: 35 coefficient_constraints: 165 solver: SCS
(CVXPY) Jul 30 03:18:56 PM: Your problem has 1226 variables, 1390 constraints, and 0 parameters.
(CVXPY) Jul 30 03:18:56 PM: It is compliant with the following grammars: DCP, DQCP
(CVXPY) Jul 30 03:18:56 PM: DCP verification time: 0.0109 seconds.
(CVXPY) Jul 30 03:18:56 PM: Expression tree has 5 nodes.
(CVXPY) Jul 30 03:18:56 PM: (If you need to solve this problem multiple times, but with different data, consider using parameters.)
(CVXPY) Jul 30 03:18:56 PM: CVXPY will first compile your problem; then, it will invoke a numerical solver to obtain a solution.
(CVXPY) Jul 30 03:18:56 PM: Your problem is compiled with the CPP canonicalization backend.
(CVXPY) Jul 30 03:18:56 PM: Compiling problem (target solver=SCS).
(CVXPY) Jul 30 03:18:56 PM: Reduction chain: FlipObjective -> Dcp2Cone -> CvxAttr2Constr -> ExactCone2Cone -> EliminateZeroSized -> ConeMatrixStuffing -> SCS
(CVXPY) Jul 30 03:18:56 PM: Applying reduction FlipObjective
(CVXPY) Jul 30 03:18:56 PM: Applying reduction Dcp2Cone
(CVXPY) Jul 30 03:18:56 PM: Applying reduction CvxAttr2Constr
(CVXPY) Jul 30 03:18:56 PM: Applying reduction ExactCone2Cone
(CVXPY) Jul 30 03:18:56 PM: Applying reduction EliminateZeroSized
(CVXPY) Jul 30 03:18:56 PM: Applying reduction ConeMatrixStuffing
(CVXPY) Jul 30 03:18:56 PM: Applying reduction SCS
(CVXPY) Jul 30 03:18:56 PM: Finished problem compilation (took 1.059e-01 seconds).
(CVXPY) Jul 30 03:18:56 PM: Invoking solver SCS  to obtain a solution.
(CVXPY) Jul 30 03:18:56 PM: Problem status: optimal
(CVXPY) Jul 30 03:18:56 PM: Optimal value: -8.585e-13
(CVXPY) Jul 30 03:18:56 PM: Compilation took 1.059e-01 seconds
(CVXPY) Jul 30 03:18:56 PM: Solver (including time spent in interface) took 3.690e-02 seconds
===============================================================================
                                     CVXPY                                     
                                     v1.9.2                                    
===============================================================================
-------------------------------------------------------------------------------
                                  Compilation                                  
-------------------------------------------------------------------------------
-------------------------------------------------------------------------------
                                Numerical solver                               
-------------------------------------------------------------------------------
------------------------------------------------------------------
	       SCS v3.2.11 - Splitting Conic Solver
	(c) Brendan O'Donoghue, Stanford University, 2012
------------------------------------------------------------------
problem:  variables n: 631, constraints m: 795
cones: 	  z: primal zero / dual free vars: 165
	  s: psd vars: 630, ssize: 1
settings: eps_abs: 1.0e-08, eps_rel: 1.0e-08, eps_infeas: 1.0e-07
	  alpha: 1.50, scale: 1.00e+00, adaptive_scale: 1
	  max_iters: 250000, normalize: 1, rho_x: 1.00e-06
	  acceleration_lookback: 20, acceleration_interval: 10
lin-sys:  sparse-direct-amd-qdldl
	  nnz(A): 1295, nnz(P): 0
------------------------------------------------------------------
 iter | pri res | dua res |   gap   |   obj   |  scale  | time (s)
------------------------------------------------------------------
     0| 2.13e-01  1.01e+00  2.12e-01 -1.07e-01  1.00e+00  5.18e-03 
   250| 6.19e-10  1.08e-06  1.90e-10 -4.92e-11  2.25e+02  2.98e-02 
   325| 8.86e-12  1.61e-08  4.72e-12  3.22e-12  2.25e+02  3.68e-02 
------------------------------------------------------------------
status:  solved
timings: total: 3.68e-02s = setup: 2.95e-03s + solve: 3.38e-02s
	 lin-sys: 4.59e-03s, cones: 2.82e-02s, accel: 1.41e-04s
------------------------------------------------------------------
objective = 0.000000
------------------------------------------------------------------
-------------------------------------------------------------------------------
                                    Summary                                    
-------------------------------------------------------------------------------
sdp_result: e4_residual_1_over_16 status: optimal objective: -8.585377799109246e-13 margin: -8.585377799109246e-13 coefficient_residual: 1.1145475498540075e-14 min_eig: -1.5544598642437032e-11 rank: 25 elapsed_seconds: 0.15672508301213384 interior_candidate: False
sdp_start: e4 gram_size: 35 coefficient_constraints: 165 solver: SCS
(CVXPY) Jul 30 03:18:56 PM: Your problem has 1226 variables, 1390 constraints, and 0 parameters.
(CVXPY) Jul 30 03:18:56 PM: It is compliant with the following grammars: DCP, DQCP
(CVXPY) Jul 30 03:18:56 PM: DCP verification time: 0.0062 seconds.
(CVXPY) Jul 30 03:18:56 PM: Expression tree has 5 nodes.
(CVXPY) Jul 30 03:18:56 PM: (If you need to solve this problem multiple times, but with different data, consider using parameters.)
(CVXPY) Jul 30 03:18:56 PM: CVXPY will first compile your problem; then, it will invoke a numerical solver to obtain a solution.
(CVXPY) Jul 30 03:18:56 PM: Your problem is compiled with the CPP canonicalization backend.
(CVXPY) Jul 30 03:18:56 PM: Compiling problem (target solver=SCS).
(CVXPY) Jul 30 03:18:56 PM: Reduction chain: FlipObjective -> Dcp2Cone -> CvxAttr2Constr -> ExactCone2Cone -> EliminateZeroSized -> ConeMatrixStuffing -> SCS
(CVXPY) Jul 30 03:18:56 PM: Applying reduction FlipObjective
(CVXPY) Jul 30 03:18:56 PM: Applying reduction Dcp2Cone
(CVXPY) Jul 30 03:18:56 PM: Applying reduction CvxAttr2Constr
(CVXPY) Jul 30 03:18:56 PM: Applying reduction ExactCone2Cone
(CVXPY) Jul 30 03:18:56 PM: Applying reduction EliminateZeroSized
(CVXPY) Jul 30 03:18:56 PM: Applying reduction ConeMatrixStuffing
(CVXPY) Jul 30 03:18:56 PM: Applying reduction SCS
(CVXPY) Jul 30 03:18:56 PM: Finished problem compilation (took 1.154e-01 seconds).
(CVXPY) Jul 30 03:18:56 PM: Invoking solver SCS  to obtain a solution.
(CVXPY) Jul 30 03:18:56 PM: Problem status: optimal
(CVXPY) Jul 30 03:18:56 PM: Optimal value: 1.177e-04
(CVXPY) Jul 30 03:18:56 PM: Compilation took 1.154e-01 seconds
(CVXPY) Jul 30 03:18:56 PM: Solver (including time spent in interface) took 7.740e-02 seconds
===============================================================================
                                     CVXPY                                     
                                     v1.9.2                                    
===============================================================================
-------------------------------------------------------------------------------
                                  Compilation                                  
-------------------------------------------------------------------------------
-------------------------------------------------------------------------------
                                Numerical solver                               
-------------------------------------------------------------------------------
------------------------------------------------------------------
	       SCS v3.2.11 - Splitting Conic Solver
	(c) Brendan O'Donoghue, Stanford University, 2012
------------------------------------------------------------------
problem:  variables n: 631, constraints m: 795
cones: 	  z: primal zero / dual free vars: 165
	  s: psd vars: 630, ssize: 1
settings: eps_abs: 1.0e-08, eps_rel: 1.0e-08, eps_infeas: 1.0e-07
	  alpha: 1.50, scale: 1.00e+00, adaptive_scale: 1
	  max_iters: 250000, normalize: 1, rho_x: 1.00e-06
	  acceleration_lookback: 20, acceleration_interval: 10
lin-sys:  sparse-direct-amd-qdldl
	  nnz(A): 1295, nnz(P): 0
------------------------------------------------------------------
 iter | pri res | dua res |   gap   |   obj   |  scale  | time (s)
------------------------------------------------------------------
     0| 2.14e-01  1.01e+00  2.12e-01 -1.08e-01  1.00e+00  5.04e-04 
   250| 1.38e-05  8.54e-05  6.79e-07 -1.31e-04  5.37e+01  2.55e-02 
   500| 1.65e-08  3.28e-04  2.81e-07 -1.18e-04  3.06e+02  5.25e-02 
   725| 1.10e-16  8.19e-14  1.21e-16 -1.18e-04  3.06e+02  7.73e-02 
------------------------------------------------------------------
status:  solved
timings: total: 7.73e-02s = setup: 3.39e-04s + solve: 7.70e-02s
	 lin-sys: 1.04e-02s, cones: 6.27e-02s, accel: 1.94e-03s
------------------------------------------------------------------
objective = -0.000118
------------------------------------------------------------------
-------------------------------------------------------------------------------
                                    Summary                                    
-------------------------------------------------------------------------------
sdp_result: e4 status: optimal objective: 0.00011773756992672188 margin: 0.00011773756992672188 coefficient_residual: 1.734723475976807e-18 min_eig: 0.00011773756992669824 rank: 35 elapsed_seconds: 0.2019817919936031 interior_candidate: True
sdp_start: e5 gram_size: 56 coefficient_constraints: 286 solver: SCS
(CVXPY) Jul 30 03:18:56 PM: Your problem has 3137 variables, 3422 constraints, and 0 parameters.
(CVXPY) Jul 30 03:18:56 PM: It is compliant with the following grammars: DCP, DQCP
(CVXPY) Jul 30 03:18:56 PM: DCP verification time: 0.0152 seconds.
(CVXPY) Jul 30 03:18:56 PM: Expression tree has 5 nodes.
(CVXPY) Jul 30 03:18:56 PM: (If you need to solve this problem multiple times, but with different data, consider using parameters.)
(CVXPY) Jul 30 03:18:56 PM: CVXPY will first compile your problem; then, it will invoke a numerical solver to obtain a solution.
(CVXPY) Jul 30 03:18:56 PM: Your problem is compiled with the CPP canonicalization backend.
(CVXPY) Jul 30 03:18:56 PM: Compiling problem (target solver=SCS).
(CVXPY) Jul 30 03:18:56 PM: Reduction chain: FlipObjective -> Dcp2Cone -> CvxAttr2Constr -> ExactCone2Cone -> EliminateZeroSized -> ConeMatrixStuffing -> SCS
(CVXPY) Jul 30 03:18:56 PM: Applying reduction FlipObjective
(CVXPY) Jul 30 03:18:56 PM: Applying reduction Dcp2Cone
(CVXPY) Jul 30 03:18:56 PM: Applying reduction CvxAttr2Constr
(CVXPY) Jul 30 03:18:56 PM: Applying reduction ExactCone2Cone
(CVXPY) Jul 30 03:18:56 PM: Applying reduction EliminateZeroSized
(CVXPY) Jul 30 03:18:56 PM: Applying reduction ConeMatrixStuffing
(CVXPY) Jul 30 03:18:57 PM: Applying reduction SCS
(CVXPY) Jul 30 03:18:57 PM: Finished problem compilation (took 3.428e-01 seconds).
(CVXPY) Jul 30 03:18:57 PM: Invoking solver SCS  to obtain a solution.
(CVXPY) Jul 30 03:18:57 PM: Problem status: optimal
(CVXPY) Jul 30 03:18:57 PM: Optimal value: -1.086e-13
(CVXPY) Jul 30 03:18:57 PM: Compilation took 3.428e-01 seconds
(CVXPY) Jul 30 03:18:57 PM: Solver (including time spent in interface) took 7.908e-02 seconds
===============================================================================
                                     CVXPY                                     
                                     v1.9.2                                    
===============================================================================
-------------------------------------------------------------------------------
                                  Compilation                                  
-------------------------------------------------------------------------------
-------------------------------------------------------------------------------
                                Numerical solver                               
-------------------------------------------------------------------------------
------------------------------------------------------------------
	       SCS v3.2.11 - Splitting Conic Solver
	(c) Brendan O'Donoghue, Stanford University, 2012
------------------------------------------------------------------
problem:  variables n: 1597, constraints m: 1882
cones: 	  z: primal zero / dual free vars: 286
	  s: psd vars: 1596, ssize: 1
settings: eps_abs: 1.0e-08, eps_rel: 1.0e-08, eps_infeas: 1.0e-07
	  alpha: 1.50, scale: 1.00e+00, adaptive_scale: 1
	  max_iters: 250000, normalize: 1, rho_x: 1.00e-06
	  acceleration_lookback: 20, acceleration_interval: 10
lin-sys:  sparse-direct-amd-qdldl
	  nnz(A): 3248, nnz(P): 0
------------------------------------------------------------------
 iter | pri res | dua res |   gap   |   obj   |  scale  | time (s)
------------------------------------------------------------------
     0| 1.73e-01  1.00e+00  1.74e-01 -8.68e-02  1.00e+00  2.13e-03 
   250| 1.52e-08  5.47e-06  2.78e-09 -5.98e-10  9.08e+02  5.75e-02 
   350| 7.84e-13  1.14e-08  4.01e-12  2.11e-12  2.88e+03  7.90e-02 
------------------------------------------------------------------
status:  solved
timings: total: 7.90e-02s = setup: 8.25e-04s + solve: 7.81e-02s
	 lin-sys: 1.21e-02s, cones: 6.37e-02s, accel: 2.70e-04s
------------------------------------------------------------------
objective = 0.000000
------------------------------------------------------------------
-------------------------------------------------------------------------------
                                    Summary                                    
-------------------------------------------------------------------------------
sdp_result: e5 status: optimal objective: -1.0861662049893416e-13 margin: -1.0861662049893416e-13 coefficient_residual: 1.0052690779550075e-15 min_eig: -9.691876424848114e-13 rank: 46 elapsed_seconds: 0.4429469578899443 interior_candidate: False
audit_pass: True
theorem_pass: False
verdict: partial_floating_interior_sos_candidates_found_for_higher_gap_invariants
completed_target_count: 3
interior_candidate_count: 1
e4_residual_1_over_16 status: optimal margin: -8.585377799109246e-13 coefficient_residual: 1.1145475498540075e-14 minimum_gram_eigenvalue: -1.5544598642437032e-11 rank: 25 elapsed_seconds: 0.15672508301213384 interior_candidate: False
e4 status: optimal margin: 0.00011773756992672188 coefficient_residual: 1.734723475976807e-18 minimum_gram_eigenvalue: 0.00011773756992669824 rank: 35 elapsed_seconds: 0.2019817919936031 interior_candidate: True
e5 status: optimal margin: -1.0861662049893416e-13 coefficient_residual: 1.0052690779550075e-15 minimum_gram_eigenvalue: -9.691876424848114e-13 rank: 46 elapsed_seconds: 0.4429469578899443 interior_candidate: False
wrote: /Users/scottcave/dev/cori/research/mathematics/46-native-g60-hodge-mechanics/artifacts/json/native_g60_cross_flux_gap_higher_sdp_probe_048.json
wrote: /Users/scottcave/dev/cori/research/mathematics/46-native-g60-hodge-mechanics/artifacts/csv/native_g60_cross_flux_gap_higher_sdp_summary_048.csv
wrote: /Users/scottcave/dev/cori/research/mathematics/46-native-g60-hodge-mechanics/artifacts/csv/native_g60_cross_flux_gap_higher_sdp_gram_entries_048.csv
wrote: /Users/scottcave/dev/cori/research/mathematics/46-native-g60-hodge-mechanics/artifacts/csv/native_g60_cross_flux_gap_higher_sdp_coefficient_residuals_048.csv
wrote: /Users/scottcave/dev/cori/research/mathematics/46-native-g60-hodge-mechanics/artifacts/npy/native_g60_cross_flux_gap_higher_sdp_probe_048.npz
